// Jest Snapshot v1, https://goo.gl/fbAQLP

exports[`renders correctly 1`] = `
<div
  className="hello"
>
  <p>
    Hello 
    Test
     
    3
    !
  </p>
  <div>
    <button
      onClick={[MockFunction]}
    >
      +
    </button>
    <button
      onClick={[MockFunction]}
    >
      -
    </button>
  </div>
</div>
`;
